1779449187.412738 client started (28677): version 3.4, socket /tmp/tmux-1000/default, protocol 8
1779449187.412828 on Linux 6.6.87.2-microsoft-standard-WSL2 #1 SMP PREEMPT_DYNAMIC Thu Jun  5 18:30:46 UTC 2025
1779449187.412835 using libevent 2.1.12-stable poll
1779449187.412836 using ncurses 6.4 20240113
1779449187.412845 flags are 0x18010000
1779449187.412855 socket is /tmp/tmux-1000/default
1779449187.412865 trying connect
1779449187.412881 connect failed: No such file or directory
1779449187.412887 lock file is /tmp/tmux-1000/default.lock
1779449187.412913 flock succeeded
1779449187.412915 got lock (6)
1779449187.412920 trying connect
1779449187.412926 connect failed: No such file or directory
1779449187.413209 add peer 0x5a4820d1b2a0: 7 ((nil))
1779449187.413695 sending message 100 to peer 0x5a4820d1b2a0 (4 bytes)
1779449187.413700 sending message 111 to peer 0x5a4820d1b2a0 (8 bytes)
1779449187.413702 sending message 101 to peer 0x5a4820d1b2a0 (15 bytes)
1779449187.413704 sending message 109 to peer 0x5a4820d1b2a0 (4 bytes)
1779449187.413705 sending message 102 to peer 0x5a4820d1b2a0 (11 bytes)
1779449187.413707 sending message 108 to peer 0x5a4820d1b2a0 (43 bytes)
1779449187.413709 sending message 112 to peer 0x5a4820d1b2a0 (58 bytes)
1779449187.413711 sending message 112 to peer 0x5a4820d1b2a0 (5 bytes)
1779449187.413713 sending message 112 to peer 0x5a4820d1b2a0 (5 bytes)
1779449187.413715 sending message 112 to peer 0x5a4820d1b2a0 (6 bytes)
1779449187.413716 sending message 112 to peer 0x5a4820d1b2a0 (6 bytes)
1779449187.413718 sending message 112 to peer 0x5a4820d1b2a0 (11 bytes)
1779449187.413720 sending message 112 to peer 0x5a4820d1b2a0 (10 bytes)
1779449187.413722 sending message 112 to peer 0x5a4820d1b2a0 (13 bytes)
1779449187.413724 sending message 112 to peer 0x5a4820d1b2a0 (14 bytes)
1779449187.413725 sending message 112 to peer 0x5a4820d1b2a0 (19 bytes)
1779449187.413727 sending message 112 to peer 0x5a4820d1b2a0 (11 bytes)
1779449187.413729 sending message 112 to peer 0x5a4820d1b2a0 (10 bytes)
1779449187.413731 sending message 112 to peer 0x5a4820d1b2a0 (15 bytes)
1779449187.413733 sending message 112 to peer 0x5a4820d1b2a0 (21 bytes)
1779449187.413734 sending message 112 to peer 0x5a4820d1b2a0 (13 bytes)
1779449187.413736 sending message 112 to peer 0x5a4820d1b2a0 (7 bytes)
1779449187.413738 sending message 112 to peer 0x5a4820d1b2a0 (13 bytes)
1779449187.413740 sending message 112 to peer 0x5a4820d1b2a0 (7 bytes)
1779449187.413741 sending message 112 to peer 0x5a4820d1b2a0 (13 bytes)
1779449187.413743 sending message 112 to peer 0x5a4820d1b2a0 (9 bytes)
1779449187.413745 sending message 112 to peer 0x5a4820d1b2a0 (21 bytes)
1779449187.413747 sending message 112 to peer 0x5a4820d1b2a0 (13 bytes)
1779449187.413749 sending message 112 to peer 0x5a4820d1b2a0 (9 bytes)
1779449187.413750 sending message 112 to peer 0x5a4820d1b2a0 (16 bytes)
1779449187.413752 sending message 112 to peer 0x5a4820d1b2a0 (13 bytes)
1779449187.413754 sending message 112 to peer 0x5a4820d1b2a0 (9 bytes)
1779449187.413756 sending message 112 to peer 0x5a4820d1b2a0 (9 bytes)
1779449187.413758 sending message 112 to peer 0x5a4820d1b2a0 (12 bytes)
1779449187.413760 sending message 112 to peer 0x5a4820d1b2a0 (8 bytes)
1779449187.413761 sending message 112 to peer 0x5a4820d1b2a0 (8 bytes)
1779449187.413763 sending message 112 to peer 0x5a4820d1b2a0 (13 bytes)
1779449187.413765 sending message 112 to peer 0x5a4820d1b2a0 (7 bytes)
1779449187.413767 sending message 112 to peer 0x5a4820d1b2a0 (7 bytes)
1779449187.413769 sending message 112 to peer 0x5a4820d1b2a0 (9 bytes)
1779449187.413770 sending message 112 to peer 0x5a4820d1b2a0 (9 bytes)
1779449187.413772 sending message 112 to peer 0x5a4820d1b2a0 (15 bytes)
1779449187.413774 sending message 112 to peer 0x5a4820d1b2a0 (13 bytes)
1779449187.413776 sending message 112 to peer 0x5a4820d1b2a0 (12 bytes)
1779449187.413778 sending message 112 to peer 0x5a4820d1b2a0 (8 bytes)
1779449187.413780 sending message 112 to peer 0x5a4820d1b2a0 (14 bytes)
1779449187.413781 sending message 112 to peer 0x5a4820d1b2a0 (11 bytes)
1779449187.413789 sending message 112 to peer 0x5a4820d1b2a0 (9 bytes)
1779449187.413790 sending message 112 to peer 0x5a4820d1b2a0 (10 bytes)
1779449187.413792 sending message 112 to peer 0x5a4820d1b2a0 (10 bytes)
1779449187.413794 sending message 112 to peer 0x5a4820d1b2a0 (10 bytes)
1779449187.413796 sending message 112 to peer 0x5a4820d1b2a0 (10 bytes)
1779449187.413798 sending message 112 to peer 0x5a4820d1b2a0 (11 bytes)
1779449187.413800 sending message 112 to peer 0x5a4820d1b2a0 (12 bytes)
1779449187.413801 sending message 112 to peer 0x5a4820d1b2a0 (12 bytes)
1779449187.413803 sending message 112 to peer 0x5a4820d1b2a0 (12 bytes)
1779449187.413805 sending message 112 to peer 0x5a4820d1b2a0 (12 bytes)
1779449187.413807 sending message 112 to peer 0x5a4820d1b2a0 (12 bytes)
1779449187.413809 sending message 112 to peer 0x5a4820d1b2a0 (11 bytes)
1779449187.413810 sending message 112 to peer 0x5a4820d1b2a0 (11 bytes)
1779449187.413812 sending message 112 to peer 0x5a4820d1b2a0 (12 bytes)
1779449187.413814 sending message 112 to peer 0x5a4820d1b2a0 (12 bytes)
1779449187.413816 sending message 112 to peer 0x5a4820d1b2a0 (12 bytes)
1779449187.413817 sending message 112 to peer 0x5a4820d1b2a0 (12 bytes)
1779449187.413819 sending message 112 to peer 0x5a4820d1b2a0 (12 bytes)
1779449187.413821 sending message 112 to peer 0x5a4820d1b2a0 (9 bytes)
1779449187.413823 sending message 112 to peer 0x5a4820d1b2a0 (12 bytes)
1779449187.413825 sending message 112 to peer 0x5a4820d1b2a0 (13 bytes)
1779449187.413827 sending message 112 to peer 0x5a4820d1b2a0 (13 bytes)
1779449187.413828 sending message 112 to peer 0x5a4820d1b2a0 (13 bytes)
1779449187.413830 sending message 112 to peer 0x5a4820d1b2a0 (13 bytes)
1779449187.413832 sending message 112 to peer 0x5a4820d1b2a0 (13 bytes)
1779449187.413834 sending message 112 to peer 0x5a4820d1b2a0 (8 bytes)
1779449187.413836 sending message 112 to peer 0x5a4820d1b2a0 (11 bytes)
1779449187.413837 sending message 112 to peer 0x5a4820d1b2a0 (11 bytes)
1779449187.413839 sending message 112 to peer 0x5a4820d1b2a0 (11 bytes)
1779449187.413841 sending message 112 to peer 0x5a4820d1b2a0 (12 bytes)
1779449187.413843 sending message 112 to peer 0x5a4820d1b2a0 (12 bytes)
1779449187.413845 sending message 112 to peer 0x5a4820d1b2a0 (12 bytes)
1779449187.413847 sending message 112 to peer 0x5a4820d1b2a0 (12 bytes)
1779449187.413848 sending message 112 to peer 0x5a4820d1b2a0 (13 bytes)
1779449187.413850 sending message 112 to peer 0x5a4820d1b2a0 (13 bytes)
1779449187.413852 sending message 112 to peer 0x5a4820d1b2a0 (13 bytes)
1779449187.413854 sending message 112 to peer 0x5a4820d1b2a0 (8 bytes)
1779449187.413856 sending message 112 to peer 0x5a4820d1b2a0 (13 bytes)
1779449187.413857 sending message 112 to peer 0x5a4820d1b2a0 (13 bytes)
1779449187.413859 sending message 112 to peer 0x5a4820d1b2a0 (13 bytes)
1779449187.413861 sending message 112 to peer 0x5a4820d1b2a0 (13 bytes)
1779449187.413863 sending message 112 to peer 0x5a4820d1b2a0 (13 bytes)
1779449187.413865 sending message 112 to peer 0x5a4820d1b2a0 (12 bytes)
1779449187.413866 sending message 112 to peer 0x5a4820d1b2a0 (12 bytes)
1779449187.413868 sending message 112 to peer 0x5a4820d1b2a0 (12 bytes)
1779449187.413870 sending message 112 to peer 0x5a4820d1b2a0 (12 bytes)
1779449187.413872 sending message 112 to peer 0x5a4820d1b2a0 (13 bytes)
1779449187.413874 sending message 112 to peer 0x5a4820d1b2a0 (8 bytes)
1779449187.413876 sending message 112 to peer 0x5a4820d1b2a0 (13 bytes)
1779449187.413877 sending message 112 to peer 0x5a4820d1b2a0 (13 bytes)
1779449187.413879 sending message 112 to peer 0x5a4820d1b2a0 (13 bytes)
1779449187.413881 sending message 112 to peer 0x5a4820d1b2a0 (13 bytes)
1779449187.413883 sending message 112 to peer 0x5a4820d1b2a0 (13 bytes)
1779449187.413885 sending message 112 to peer 0x5a4820d1b2a0 (13 bytes)
1779449187.413886 sending message 112 to peer 0x5a4820d1b2a0 (13 bytes)
1779449187.413888 sending message 112 to peer 0x5a4820d1b2a0 (12 bytes)
1779449187.413890 sending message 112 to peer 0x5a4820d1b2a0 (12 bytes)
1779449187.413895 sending message 112 to peer 0x5a4820d1b2a0 (12 bytes)
1779449187.413897 sending message 112 to peer 0x5a4820d1b2a0 (8 bytes)
1779449187.413899 sending message 112 to peer 0x5a4820d1b2a0 (12 bytes)
1779449187.413901 sending message 112 to peer 0x5a4820d1b2a0 (13 bytes)
1779449187.413902 sending message 112 to peer 0x5a4820d1b2a0 (13 bytes)
1779449187.413904 sending message 112 to peer 0x5a4820d1b2a0 (13 bytes)
1779449187.413906 sending message 112 to peer 0x5a4820d1b2a0 (13 bytes)
1779449187.413908 sending message 112 to peer 0x5a4820d1b2a0 (13 bytes)
1779449187.413910 sending message 112 to peer 0x5a4820d1b2a0 (13 bytes)
1779449187.413912 sending message 112 to peer 0x5a4820d1b2a0 (13 bytes)
1779449187.413913 sending message 112 to peer 0x5a4820d1b2a0 (13 bytes)
1779449187.413915 sending message 112 to peer 0x5a4820d1b2a0 (12 bytes)
1779449187.413917 sending message 112 to peer 0x5a4820d1b2a0 (10 bytes)
1779449187.413919 sending message 112 to peer 0x5a4820d1b2a0 (12 bytes)
1779449187.413920 sending message 112 to peer 0x5a4820d1b2a0 (12 bytes)
1779449187.413922 sending message 112 to peer 0x5a4820d1b2a0 (12 bytes)
1779449187.413924 sending message 112 to peer 0x5a4820d1b2a0 (13 bytes)
1779449187.413926 sending message 112 to peer 0x5a4820d1b2a0 (13 bytes)
1779449187.413928 sending message 112 to peer 0x5a4820d1b2a0 (13 bytes)
1779449187.413930 sending message 112 to peer 0x5a4820d1b2a0 (13 bytes)
1779449187.413931 sending message 112 to peer 0x5a4820d1b2a0 (13 bytes)
1779449187.413933 sending message 112 to peer 0x5a4820d1b2a0 (13 bytes)
1779449187.413935 sending message 112 to peer 0x5a4820d1b2a0 (13 bytes)
1779449187.413937 sending message 112 to peer 0x5a4820d1b2a0 (10 bytes)
1779449187.413938 sending message 112 to peer 0x5a4820d1b2a0 (13 bytes)
1779449187.413940 sending message 112 to peer 0x5a4820d1b2a0 (12 bytes)
1779449187.413942 sending message 112 to peer 0x5a4820d1b2a0 (12 bytes)
1779449187.413944 sending message 112 to peer 0x5a4820d1b2a0 (12 bytes)
1779449187.413946 sending message 112 to peer 0x5a4820d1b2a0 (10 bytes)
1779449187.413948 sending message 112 to peer 0x5a4820d1b2a0 (10 bytes)
1779449187.413949 sending message 112 to peer 0x5a4820d1b2a0 (10 bytes)
1779449187.413951 sending message 112 to peer 0x5a4820d1b2a0 (12 bytes)
1779449187.413953 sending message 112 to peer 0x5a4820d1b2a0 (13 bytes)
1779449187.413955 sending message 112 to peer 0x5a4820d1b2a0 (13 bytes)
1779449187.413957 sending message 112 to peer 0x5a4820d1b2a0 (13 bytes)
1779449187.413958 sending message 112 to peer 0x5a4820d1b2a0 (13 bytes)
1779449187.413960 sending message 112 to peer 0x5a4820d1b2a0 (13 bytes)
1779449187.413962 sending message 112 to peer 0x5a4820d1b2a0 (10 bytes)
1779449187.413964 sending message 112 to peer 0x5a4820d1b2a0 (11 bytes)
1779449187.413966 sending message 112 to peer 0x5a4820d1b2a0 (12 bytes)
1779449187.413967 sending message 112 to peer 0x5a4820d1b2a0 (12 bytes)
1779449187.413969 sending message 112 to peer 0x5a4820d1b2a0 (12 bytes)
1779449187.413971 sending message 112 to peer 0x5a4820d1b2a0 (12 bytes)
1779449187.413973 sending message 112 to peer 0x5a4820d1b2a0 (12 bytes)
1779449187.413975 sending message 112 to peer 0x5a4820d1b2a0 (11 bytes)
1779449187.413976 sending message 112 to peer 0x5a4820d1b2a0 (12 bytes)
1779449187.413978 sending message 112 to peer 0x5a4820d1b2a0 (12 bytes)
1779449187.413980 sending message 112 to peer 0x5a4820d1b2a0 (13 bytes)
1779449187.413982 sending message 112 to peer 0x5a4820d1b2a0 (13 bytes)
1779449187.413984 sending message 112 to peer 0x5a4820d1b2a0 (13 bytes)
1779449187.413985 sending message 112 to peer 0x5a4820d1b2a0 (13 bytes)
1779449187.413987 sending message 112 to peer 0x5a4820d1b2a0 (13 bytes)
1779449187.413989 sending message 112 to peer 0x5a4820d1b2a0 (10 bytes)
1779449187.413991 sending message 112 to peer 0x5a4820d1b2a0 (9 bytes)
1779449187.413993 sending message 112 to peer 0x5a4820d1b2a0 (12 bytes)
1779449187.413994 sending message 112 to peer 0x5a4820d1b2a0 (13 bytes)
1779449187.413996 sending message 112 to peer 0x5a4820d1b2a0 (13 bytes)
1779449187.414001 sending message 112 to peer 0x5a4820d1b2a0 (13 bytes)
1779449187.414003 sending message 112 to peer 0x5a4820d1b2a0 (13 bytes)
1779449187.414005 sending message 112 to peer 0x5a4820d1b2a0 (13 bytes)
1779449187.414006 sending message 112 to peer 0x5a4820d1b2a0 (9 bytes)
1779449187.414008 sending message 112 to peer 0x5a4820d1b2a0 (12 bytes)
1779449187.414010 sending message 112 to peer 0x5a4820d1b2a0 (13 bytes)
1779449187.414012 sending message 112 to peer 0x5a4820d1b2a0 (13 bytes)
1779449187.414014 sending message 112 to peer 0x5a4820d1b2a0 (13 bytes)
1779449187.414016 sending message 112 to peer 0x5a4820d1b2a0 (13 bytes)
1779449187.414017 sending message 112 to peer 0x5a4820d1b2a0 (13 bytes)
1779449187.414019 sending message 112 to peer 0x5a4820d1b2a0 (11 bytes)
1779449187.414021 sending message 112 to peer 0x5a4820d1b2a0 (12 bytes)
1779449187.414023 sending message 112 to peer 0x5a4820d1b2a0 (13 bytes)
1779449187.414025 sending message 112 to peer 0x5a4820d1b2a0 (13 bytes)
1779449187.414026 sending message 112 to peer 0x5a4820d1b2a0 (13 bytes)
1779449187.414028 sending message 112 to peer 0x5a4820d1b2a0 (13 bytes)
1779449187.414030 sending message 112 to peer 0x5a4820d1b2a0 (13 bytes)
1779449187.414032 sending message 112 to peer 0x5a4820d1b2a0 (11 bytes)
1779449187.414034 sending message 112 to peer 0x5a4820d1b2a0 (12 bytes)
1779449187.414035 sending message 112 to peer 0x5a4820d1b2a0 (12 bytes)
1779449187.414037 sending message 112 to peer 0x5a4820d1b2a0 (12 bytes)
1779449187.414039 sending message 112 to peer 0x5a4820d1b2a0 (12 bytes)
1779449187.414041 sending message 112 to peer 0x5a4820d1b2a0 (12 bytes)
1779449187.414043 sending message 112 to peer 0x5a4820d1b2a0 (21 bytes)
1779449187.414045 sending message 112 to peer 0x5a4820d1b2a0 (12 bytes)
1779449187.414046 sending message 112 to peer 0x5a4820d1b2a0 (9 bytes)
1779449187.414048 sending message 112 to peer 0x5a4820d1b2a0 (6 bytes)
1779449187.414050 sending message 112 to peer 0x5a4820d1b2a0 (13 bytes)
1779449187.414052 sending message 112 to peer 0x5a4820d1b2a0 (10 bytes)
1779449187.414054 sending message 112 to peer 0x5a4820d1b2a0 (24 bytes)
1779449187.414056 sending message 112 to peer 0x5a4820d1b2a0 (13 bytes)
1779449187.414057 sending message 112 to peer 0x5a4820d1b2a0 (9 bytes)
1779449187.414059 sending message 112 to peer 0x5a4820d1b2a0 (70 bytes)
1779449187.414061 sending message 112 to peer 0x5a4820d1b2a0 (69 bytes)
1779449187.414063 sending message 112 to peer 0x5a4820d1b2a0 (12 bytes)
1779449187.414065 sending message 112 to peer 0x5a4820d1b2a0 (10 bytes)
1779449187.414067 sending message 112 to peer 0x5a4820d1b2a0 (10 bytes)
1779449187.414069 sending message 112 to peer 0x5a4820d1b2a0 (24 bytes)
1779449187.414070 sending message 112 to peer 0x5a4820d1b2a0 (13 bytes)
1779449187.414072 sending message 112 to peer 0x5a4820d1b2a0 (10 bytes)
1779449187.414074 sending message 112 to peer 0x5a4820d1b2a0 (10 bytes)
1779449187.414076 sending message 112 to peer 0x5a4820d1b2a0 (10 bytes)
1779449187.414078 sending message 112 to peer 0x5a4820d1b2a0 (13 bytes)
1779449187.414080 sending message 112 to peer 0x5a4820d1b2a0 (15 bytes)
1779449187.414082 sending message 112 to peer 0x5a4820d1b2a0 (5 bytes)
1779449187.414084 sending message 104 to peer 0x5a4820d1b2a0 (0 bytes)
1779449187.414086 sending message 110 to peer 0x5a4820d1b2a0 (0 bytes)
1779449187.414089 sending message 107 to peer 0x5a4820d1b2a0 (4 bytes)
1779449187.414090 sending message 105 to peer 0x5a4820d1b2a0 (16 bytes)
1779449187.414092 sending message 105 to peer 0x5a4820d1b2a0 (20 bytes)
1779449187.414094 sending message 105 to peer 0x5a4820d1b2a0 (59 bytes)
1779449187.414096 sending message 105 to peer 0x5a4820d1b2a0 (24 bytes)
1779449187.414098 sending message 105 to peer 0x5a4820d1b2a0 (46 bytes)
1779449187.414100 sending message 105 to peer 0x5a4820d1b2a0 (23 bytes)
1779449187.414102 sending message 105 to peer 0x5a4820d1b2a0 (11 bytes)
1779449187.414104 sending message 105 to peer 0x5a4820d1b2a0 (47 bytes)
1779449187.414105 sending message 105 to peer 0x5a4820d1b2a0 (12 bytes)
1779449187.414110 sending message 105 to peer 0x5a4820d1b2a0 (15 bytes)
1779449187.414112 sending message 105 to peer 0x5a4820d1b2a0 (13 bytes)
1779449187.414114 sending message 105 to peer 0x5a4820d1b2a0 (35 bytes)
1779449187.414116 sending message 105 to peer 0x5a4820d1b2a0 (1817 bytes)
1779449187.414122 sending message 105 to peer 0x5a4820d1b2a0 (26 bytes)
1779449187.414124 sending message 105 to peer 0x5a4820d1b2a0 (23 bytes)
1779449187.414126 sending message 105 to peer 0x5a4820d1b2a0 (34 bytes)
1779449187.414128 sending message 105 to peer 0x5a4820d1b2a0 (20 bytes)
1779449187.414130 sending message 105 to peer 0x5a4820d1b2a0 (32 bytes)
1779449187.414132 sending message 105 to peer 0x5a4820d1b2a0 (9 bytes)
1779449187.414134 sending message 105 to peer 0x5a4820d1b2a0 (11 bytes)
1779449187.414136 sending message 105 to peer 0x5a4820d1b2a0 (8 bytes)
1779449187.414137 sending message 105 to peer 0x5a4820d1b2a0 (14 bytes)
1779449187.414139 sending message 105 to peer 0x5a4820d1b2a0 (32 bytes)
1779449187.414141 sending message 105 to peer 0x5a4820d1b2a0 (47 bytes)
1779449187.414143 sending message 105 to peer 0x5a4820d1b2a0 (56 bytes)
1779449187.414145 sending message 105 to peer 0x5a4820d1b2a0 (65 bytes)
1779449187.414147 sending message 105 to peer 0x5a4820d1b2a0 (3530 bytes)
1779449187.414149 sending message 105 to peer 0x5a4820d1b2a0 (54 bytes)
1779449187.414151 sending message 105 to peer 0x5a4820d1b2a0 (50 bytes)
1779449187.414153 sending message 105 to peer 0x5a4820d1b2a0 (16 bytes)
1779449187.414154 sending message 105 to peer 0x5a4820d1b2a0 (40 bytes)
1779449187.414156 sending message 105 to peer 0x5a4820d1b2a0 (21 bytes)
1779449187.414158 sending message 105 to peer 0x5a4820d1b2a0 (16 bytes)
1779449187.414160 sending message 105 to peer 0x5a4820d1b2a0 (32 bytes)
1779449187.414162 sending message 106 to peer 0x5a4820d1b2a0 (0 bytes)
1779449187.414190 sending message 200 to peer 0x5a4820d1b2a0 (4 bytes)
1779449187.414192 client loop enter
1779449187.414202 client_signal: Child exited
1779449187.496987 peer 0x5a4820d1b2a0 message 207
1779449187.496996 sending message 208 to peer 0x5a4820d1b2a0 (0 bytes)
1779449193.274865 peer 0x5a4820d1b2a0 message 203
1779449193.274876 sending message 205 to peer 0x5a4820d1b2a0 (0 bytes)
1779449193.275128 peer 0x5a4820d1b2a0 message 204
1779449193.275136 client loop exit
